// Jest Snapshot v1, https://goo.gl/fbAQLP

<<<<<<< HEAD
<<<<<<< HEAD
<<<<<<< HEAD
exports[`Navigation canAdvanceBackward should not be able to advanced backwards 1`] = `<div class="VueCarousel-navigation"><button type="button" aria-label="Previous page" tabindex="-1" class="VueCarousel-navigation-button VueCarousel-navigation-prev VueCarousel-navigation--disabled" style="padding: 8px; margin-right: -8px;">◀</button> <button type="button" aria-label="Next page" tabindex="0" class="VueCarousel-navigation-button VueCarousel-navigation-next" style="padding: 8px; margin-left: -8px;">▶</button></div>`;

exports[`Navigation canAdvanceForward should not be able to advance forwards 1`] = `<div class="VueCarousel-navigation"><button type="button" aria-label="Previous page" tabindex="0" class="VueCarousel-navigation-button VueCarousel-navigation-prev" style="padding: 8px; margin-right: -8px;">◀</button> <button type="button" aria-label="Next page" tabindex="-1" class="VueCarousel-navigation-button VueCarousel-navigation-next VueCarousel-navigation--disabled" style="padding: 8px; margin-left: -8px;">▶</button></div>`;

exports[`Navigation should match the stored snapshot 1`] = `<div class="VueCarousel-navigation"><button type="button" aria-label="Previous page" tabindex="0" class="VueCarousel-navigation-button VueCarousel-navigation-prev" style="padding: 8px; margin-right: -8px;">◀</button> <button type="button" aria-label="Next page" tabindex="0" class="VueCarousel-navigation-button VueCarousel-navigation-next" style="padding: 8px; margin-left: -8px;">▶</button></div>`;
=======
=======
>>>>>>> chore: fix/implement navigation tests
exports[`Navigation should mount successfully 1`] = `
<div class="VueCarousel">
  <div class="VueCarousel-wrapper">
    <div class="VueCarousel-inner" style="transform: translate(0px, 0); visibility: hidden; height: auto;">
      <div tabindex="-1" role="tabpanel" class="VueCarousel-slide" aria-hidden="true"></div>
      <div tabindex="-1" role="tabpanel" class="VueCarousel-slide VueCarousel-slide-active VueCarousel-slide-center"></div>
    </div>
  </div>
  <div class="VueCarousel-navigation"><button type="button" aria-label="Previous page" tabindex="0" class="VueCarousel-navigation-button VueCarousel-navigation-prev" style="padding: 8px; margin-right: -8px;">◀</button> <button type="button" aria-label="Next page" tabindex="-1" class="VueCarousel-navigation-button VueCarousel-navigation-next VueCarousel-navigation--disabled" style="padding: 8px; margin-left: -8px;">▶</button></div>
  <div class="VueCarousel-pagination" style="">
    <div role="tablist" class="VueCarousel-dot-container" style="margin-top: 20px;"><button aria-hidden="false" role="tab" title="Item 0" value="Item 0" aria-label="Item 0" aria-selected="false" class="VueCarousel-dot" style="margin-top: 20px; padding: 10px; width: 10px; height: 10px; background-color: rgb(239, 239, 239);"></button><button aria-hidden="false" role="tab" title="Item 1" value="Item 1" aria-label="Item 1" aria-selected="true" class="VueCarousel-dot VueCarousel-dot--active" style="margin-top: 20px; padding: 10px; width: 10px; height: 10px; background-color: rgb(0, 0, 0);"></button></div>
  </div>
</div>
`;

exports[`Navigation should render a next button 1`] = `
<div class="VueCarousel">
  <div class="VueCarousel-wrapper">
    <div class="VueCarousel-inner" style="transform: translate(0px, 0); visibility: hidden; height: auto;">
      <div tabindex="-1" role="tabpanel" class="VueCarousel-slide" aria-hidden="true"></div>
      <div tabindex="-1" role="tabpanel" class="VueCarousel-slide VueCarousel-slide-active VueCarousel-slide-center"></div>
    </div>
  </div>
  <div class="VueCarousel-navigation"><button type="button" aria-label="Previous page" tabindex="0" class="VueCarousel-navigation-button VueCarousel-navigation-prev" style="padding: 8px; margin-right: -8px;">◀</button> <button type="button" aria-label="Next page" tabindex="-1" class="VueCarousel-navigation-button VueCarousel-navigation-next VueCarousel-navigation--disabled" style="padding: 8px; margin-left: -8px;">▶</button></div>
  <div class="VueCarousel-pagination" style="">
    <div role="tablist" class="VueCarousel-dot-container" style="margin-top: 20px;"><button aria-hidden="false" role="tab" title="Item 0" value="Item 0" aria-label="Item 0" aria-selected="false" class="VueCarousel-dot" style="margin-top: 20px; padding: 10px; width: 10px; height: 10px; background-color: rgb(239, 239, 239);"></button><button aria-hidden="false" role="tab" title="Item 1" value="Item 1" aria-label="Item 1" aria-selected="true" class="VueCarousel-dot VueCarousel-dot--active" style="margin-top: 20px; padding: 10px; width: 10px; height: 10px; background-color: rgb(0, 0, 0);"></button></div>
  </div>
</div>
`;

exports[`Navigation should render a prev button 1`] = `
<div class="VueCarousel">
  <div class="VueCarousel-wrapper">
    <div class="VueCarousel-inner" style="transform: translate(0px, 0); visibility: hidden; height: auto;">
      <div tabindex="-1" role="tabpanel" class="VueCarousel-slide" aria-hidden="true"></div>
      <div tabindex="-1" role="tabpanel" class="VueCarousel-slide VueCarousel-slide-active VueCarousel-slide-center"></div>
    </div>
  </div>
  <div class="VueCarousel-navigation"><button type="button" aria-label="Previous page" tabindex="0" class="VueCarousel-navigation-button VueCarousel-navigation-prev" style="padding: 8px; margin-right: -8px;">◀</button> <button type="button" aria-label="Next page" tabindex="-1" class="VueCarousel-navigation-button VueCarousel-navigation-next VueCarousel-navigation--disabled" style="padding: 8px; margin-left: -8px;">▶</button></div>
  <div class="VueCarousel-pagination" style="">
    <div role="tablist" class="VueCarousel-dot-container" style="margin-top: 20px;"><button aria-hidden="false" role="tab" title="Item 0" value="Item 0" aria-label="Item 0" aria-selected="false" class="VueCarousel-dot" style="margin-top: 20px; padding: 10px; width: 10px; height: 10px; background-color: rgb(239, 239, 239);"></button><button aria-hidden="false" role="tab" title="Item 1" value="Item 1" aria-label="Item 1" aria-selected="true" class="VueCarousel-dot VueCarousel-dot--active" style="margin-top: 20px; padding: 10px; width: 10px; height: 10px; background-color: rgb(0, 0, 0);"></button></div>
  </div>
</div>
`;

exports[`Navigation should trigger page advance backward when prev is clicked 1`] = `
<div class="VueCarousel">
  <div class="VueCarousel-wrapper">
    <div class="VueCarousel-inner" style="transform: translate(0px, 0); visibility: hidden; height: auto;">
      <div tabindex="-1" role="tabpanel" class="VueCarousel-slide" aria-hidden="true"></div>
      <div tabindex="-1" role="tabpanel" class="VueCarousel-slide VueCarousel-slide-active VueCarousel-slide-center"></div>
    </div>
  </div>
  <div class="VueCarousel-navigation"><button type="button" aria-label="Previous page" tabindex="0" class="VueCarousel-navigation-button VueCarousel-navigation-prev" style="padding: 8px; margin-right: -8px;">◀</button> <button type="button" aria-label="Next page" tabindex="-1" class="VueCarousel-navigation-button VueCarousel-navigation-next VueCarousel-navigation--disabled" style="padding: 8px; margin-left: -8px;">▶</button></div>
  <div class="VueCarousel-pagination" style="">
    <div role="tablist" class="VueCarousel-dot-container" style="margin-top: 20px;"><button aria-hidden="false" role="tab" title="Item 0" value="Item 0" aria-label="Item 0" aria-selected="false" class="VueCarousel-dot" style="margin-top: 20px; padding: 10px; width: 10px; height: 10px; background-color: rgb(239, 239, 239);"></button><button aria-hidden="false" role="tab" title="Item 1" value="Item 1" aria-label="Item 1" aria-selected="true" class="VueCarousel-dot VueCarousel-dot--active" style="margin-top: 20px; padding: 10px; width: 10px; height: 10px; background-color: rgb(0, 0, 0);"></button></div>
  </div>
</div>
`;

exports[`Navigation should trigger page advance when next is clicked 1`] = `
<div class="VueCarousel">
  <div class="VueCarousel-wrapper">
    <div class="VueCarousel-inner" style="transform: translate(0px, 0); visibility: hidden; height: auto;">
      <div tabindex="-1" role="tabpanel" class="VueCarousel-slide" aria-hidden="true"></div>
      <div tabindex="-1" role="tabpanel" class="VueCarousel-slide VueCarousel-slide-active VueCarousel-slide-center"></div>
    </div>
  </div>
  <div class="VueCarousel-navigation"><button type="button" aria-label="Previous page" tabindex="0" class="VueCarousel-navigation-button VueCarousel-navigation-prev" style="padding: 8px; margin-right: -8px;">◀</button> <button type="button" aria-label="Next page" tabindex="-1" class="VueCarousel-navigation-button VueCarousel-navigation-next VueCarousel-navigation--disabled" style="padding: 8px; margin-left: -8px;">▶</button></div>
  <div class="VueCarousel-pagination" style="">
    <div role="tablist" class="VueCarousel-dot-container" style="margin-top: 20px;"><button aria-hidden="false" role="tab" title="Item 0" value="Item 0" aria-label="Item 0" aria-selected="false" class="VueCarousel-dot" style="margin-top: 20px; padding: 10px; width: 10px; height: 10px; background-color: rgb(239, 239, 239);"></button><button aria-hidden="false" role="tab" title="Item 1" value="Item 1" aria-label="Item 1" aria-selected="true" class="VueCarousel-dot VueCarousel-dot--active" style="margin-top: 20px; padding: 10px; width: 10px; height: 10px; background-color: rgb(0, 0, 0);"></button></div>
  </div>
</div>
`;
<<<<<<< HEAD
>>>>>>>  Fixes #388 - Updated snapshots (#398)
=======
=======
=======
>>>>>>> fix(test): update snapshots
exports[`Navigation canAdvanceBackward should not be able to advanced backwards 1`] = `<div class="VueCarousel-navigation"><button type="button" aria-label="Previous page" tabindex="-1" class="VueCarousel-navigation-button VueCarousel-navigation-prev VueCarousel-navigation--disabled" style="padding: 8px; margin-right: -8px;">◀</button> <button type="button" aria-label="Next page" tabindex="0" class="VueCarousel-navigation-button VueCarousel-navigation-next" style="padding: 8px; margin-left: -8px;">▶</button></div>`;

exports[`Navigation canAdvanceForward should not be able to advance forwards 1`] = `<div class="VueCarousel-navigation"><button type="button" aria-label="Previous page" tabindex="0" class="VueCarousel-navigation-button VueCarousel-navigation-prev" style="padding: 8px; margin-right: -8px;">◀</button> <button type="button" aria-label="Next page" tabindex="-1" class="VueCarousel-navigation-button VueCarousel-navigation-next VueCarousel-navigation--disabled" style="padding: 8px; margin-left: -8px;">▶</button></div>`;

exports[`Navigation should match the stored snapshot 1`] = `<div class="VueCarousel-navigation"><button type="button" aria-label="Previous page" tabindex="0" class="VueCarousel-navigation-button VueCarousel-navigation-prev" style="padding: 8px; margin-right: -8px;">◀</button> <button type="button" aria-label="Next page" tabindex="0" class="VueCarousel-navigation-button VueCarousel-navigation-next" style="padding: 8px; margin-left: -8px;">▶</button></div>`;
<<<<<<< HEAD
>>>>>>> chore: fix/implement navigation tests
>>>>>>> chore: fix/implement navigation tests
=======
>>>>>>> fix(test): update snapshots
